  [1m[36mActiveRecord::SchemaMigration Load (0.3ms)[0m  [1m[34mSELECT "schema_migrations"."version" FROM "schema_migrations" ORDER BY "schema_migrations"."version" ASC /*application='RubyOnRailsProject'*/[0m
  [1m[36mActiveRecord::SchemaMigration Load (0.1ms)[0m  [1m[34mSELECT "schema_migrations"."version" FROM "schema_migrations" ORDER BY "schema_migrations"."version" ASC /*application='RubyOnRailsProject'*/[0m
Started GET "/users/sign_up" for ::1 at 2025-10-30 16:58:28 +1030
  [1m[36mActiveRecord::SchemaMigration Load (0.1ms)[0m  [1m[34mSELECT "schema_migrations"."version" FROM "schema_migrations" ORDER BY "schema_migrations"."version" ASC /*application='RubyOnRailsProject'*/[0m
  
NoMethodError (undefined method `devise_for' for an instance of ActionDispatch::Routing::Mapper):
  
config/routes.rb:14:in `block in <main>'
config/routes.rb:1:in `<main>'
Started GET "/favicon.ico" for ::1 at 2025-10-30 16:58:29 +1030
  
ActionController::RoutingError (No route matches [GET] "/favicon.ico"):
  
  [1m[36mActiveRecord::SchemaMigration Load (0.0ms)[0m  [1m[34mSELECT "schema_migrations"."version" FROM "schema_migrations" ORDER BY "schema_migrations"."version" ASC /*application='RubyOnRailsProject'*/[0m
Started GET "/users/sign_up" for ::1 at 2025-10-30 17:04:38 +1030
  [1m[36mActiveRecord::SchemaMigration Load (0.1ms)[0m  [1m[34mSELECT "schema_migrations"."version" FROM "schema_migrations" ORDER BY "schema_migrations"."version" ASC /*application='RubyOnRailsProject'*/[0m
Processing by Devise::RegistrationsController#new as HTML
  Rendering layout layouts/application.html.erb
  Rendering /Users/tommyng1026/.rbenv/versions/3.3.4/lib/ruby/gems/3.3.0/gems/devise-4.9.4/app/views/devise/registrations/new.html.erb within layouts/application
  Rendered /Users/tommyng1026/.rbenv/versions/3.3.4/lib/ruby/gems/3.3.0/gems/devise-4.9.4/app/views/devise/shared/_error_messages.html.erb (Duration: 0.2ms | GC: 0.0ms)
  Rendered /Users/tommyng1026/.rbenv/versions/3.3.4/lib/ruby/gems/3.3.0/gems/devise-4.9.4/app/views/devise/shared/_links.html.erb (Duration: 0.3ms | GC: 0.0ms)
  Rendered /Users/tommyng1026/.rbenv/versions/3.3.4/lib/ruby/gems/3.3.0/gems/devise-4.9.4/app/views/devise/registrations/new.html.erb within layouts/application (Duration: 7.5ms | GC: 0.3ms)
  Rendered layout layouts/application.html.erb (Duration: 13.4ms | GC: 0.8ms)
Completed 200 OK in 87ms (Views: 27.9ms | ActiveRecord: 1.2ms (0 queries, 0 cached) | GC: 5.7ms)


Started GET "/" for ::1 at 2025-10-30 17:28:21 +1030
  [1m[36mActiveRecord::SchemaMigration Load (0.1ms)[0m  [1m[34mSELECT "schema_migrations"."version" FROM "schema_migrations" ORDER BY "schema_migrations"."version" ASC /*application='RubyOnRailsProject'*/[0m
Processing by DecksController#index as HTML
Completed 401 Unauthorized in 51ms (ActiveRecord: 0.0ms (0 queries, 0 cached) | GC: 0.0ms)


Started GET "/users/sign_in" for ::1 at 2025-10-30 17:28:21 +1030
Processing by Devise::SessionsController#new as HTML
  Rendering layout layouts/application.html.erb
  Rendering /Users/tommyng1026/.rbenv/versions/3.3.4/lib/ruby/gems/3.3.0/gems/devise-4.9.4/app/views/devise/sessions/new.html.erb within layouts/application
  Rendered /Users/tommyng1026/.rbenv/versions/3.3.4/lib/ruby/gems/3.3.0/gems/devise-4.9.4/app/views/devise/shared/_links.html.erb (Duration: 0.5ms | GC: 0.2ms)
  Rendered /Users/tommyng1026/.rbenv/versions/3.3.4/lib/ruby/gems/3.3.0/gems/devise-4.9.4/app/views/devise/sessions/new.html.erb within layouts/application (Duration: 5.5ms | GC: 0.2ms)
  Rendered layout layouts/application.html.erb (Duration: 10.8ms | GC: 0.5ms)
Completed 200 OK in 60ms (Views: 16.4ms | ActiveRecord: 1.0ms (0 queries, 0 cached) | GC: 5.6ms)


Started GET "/users/sign_up" for ::1 at 2025-10-30 17:28:48 +1030
Processing by Devise::RegistrationsController#new as HTML
  Rendering layout layouts/application.html.erb
  Rendering /Users/tommyng1026/.rbenv/versions/3.3.4/lib/ruby/gems/3.3.0/gems/devise-4.9.4/app/views/devise/registrations/new.html.erb within layouts/application
  Rendered /Users/tommyng1026/.rbenv/versions/3.3.4/lib/ruby/gems/3.3.0/gems/devise-4.9.4/app/views/devise/shared/_error_messages.html.erb (Duration: 0.2ms | GC: 0.0ms)
  Rendered /Users/tommyng1026/.rbenv/versions/3.3.4/lib/ruby/gems/3.3.0/gems/devise-4.9.4/app/views/devise/shared/_links.html.erb (Duration: 0.2ms | GC: 0.2ms)
  Rendered /Users/tommyng1026/.rbenv/versions/3.3.4/lib/ruby/gems/3.3.0/gems/devise-4.9.4/app/views/devise/registrations/new.html.erb within layouts/application (Duration: 1.7ms | GC: 0.3ms)
  Rendered layout layouts/application.html.erb (Duration: 1.9ms | GC: 0.3ms)
Completed 200 OK in 38ms (Views: 2.6ms | ActiveRecord: 0.0ms (0 queries, 0 cached) | GC: 0.3ms)


Started GET "/users/sign_in" for ::1 at 2025-10-30 17:28:56 +1030
Processing by Devise::SessionsController#new as HTML
  Rendering layout layouts/application.html.erb
  Rendering /Users/tommyng1026/.rbenv/versions/3.3.4/lib/ruby/gems/3.3.0/gems/devise-4.9.4/app/views/devise/sessions/new.html.erb within layouts/application
  Rendered /Users/tommyng1026/.rbenv/versions/3.3.4/lib/ruby/gems/3.3.0/gems/devise-4.9.4/app/views/devise/shared/_links.html.erb (Duration: 0.1ms | GC: 0.0ms)
  Rendered /Users/tommyng1026/.rbenv/versions/3.3.4/lib/ruby/gems/3.3.0/gems/devise-4.9.4/app/views/devise/sessions/new.html.erb within layouts/application (Duration: 0.6ms | GC: 0.0ms)
  Rendered layout layouts/application.html.erb (Duration: 0.8ms | GC: 0.0ms)
Completed 200 OK in 35ms (Views: 0.9ms | ActiveRecord: 0.0ms (0 queries, 0 cached) | GC: 0.0ms)


Started GET "/.well-known/appspecific/com.chrome.devtools.json" for ::1 at 2025-10-30 17:29:14 +1030
  
ActionController::RoutingError (No route matches [GET] "/.well-known/appspecific/com.chrome.devtools.json"):
  
Started GET "/users/sign_up" for ::1 at 2025-10-30 17:47:02 +1030
  [1m[36mActiveRecord::SchemaMigration Load (0.1ms)[0m  [1m[34mSELECT "schema_migrations"."version" FROM "schema_migrations" ORDER BY "schema_migrations"."version" ASC /*application='RubyOnRailsProject'*/[0m
Processing by Devise::RegistrationsController#new as HTML
  Rendering layout layouts/application.html.erb
  Rendering devise/registrations/new.html.erb within layouts/application
  Rendered devise/registrations/new.html.erb within layouts/application (Duration: 1.6ms | GC: 0.0ms)
  Rendered layout layouts/application.html.erb (Duration: 1.8ms | GC: 0.0ms)
Completed 500 Internal Server Error in 63ms (ActiveRecord: 1.1ms (0 queries, 0 cached) | GC: 5.1ms)


  
ActionView::Template::Error (undefined method `user_registration_path' for an instance of ActionDispatch::Routing::RoutesProxy)
Caused by: NoMethodError (undefined method `user_registration_path' for an instance of ActionDispatch::Routing::RoutesProxy)

Information for: ActionView::Template::Error (undefined method `user_registration_path' for an instance of ActionDispatch::Routing::RoutesProxy):
    1: <h2>Sign up</h2>
    2: 
    3: <%= form_for(resource, as: resource_name, url: registration_path(resource_name)) do |f| %>
    4:   <%= render "devise/shared/error_messages", resource: resource %>
    5: 
    6:   <div class="field">
  
app/views/devise/registrations/new.html.erb:3

Information for cause: NoMethodError (undefined method `user_registration_path' for an instance of ActionDispatch::Routing::RoutesProxy):
  
app/views/devise/registrations/new.html.erb:3
Started GET "/users/sign_up" for ::1 at 2025-10-30 17:51:20 +1030
  [1m[36mActiveRecord::SchemaMigration Load (0.1ms)[0m  [1m[34mSELECT "schema_migrations"."version" FROM "schema_migrations" ORDER BY "schema_migrations"."version" ASC /*application='RubyOnRailsProject'*/[0m
Processing by Devise::RegistrationsController#new as HTML
  Rendering layout layouts/application.html.erb
  Rendering devise/registrations/new.html.erb within layouts/application
  Rendered devise/registrations/new.html.erb within layouts/application (Duration: 7.0ms | GC: 5.1ms)
  Rendered layout layouts/application.html.erb (Duration: 7.2ms | GC: 5.1ms)
Completed 500 Internal Server Error in 73ms (ActiveRecord: 1.0ms (0 queries, 0 cached) | GC: 5.1ms)


  
ActionView::Template::Error (undefined method `user_registration_path' for an instance of ActionDispatch::Routing::RoutesProxy)
Caused by: NoMethodError (undefined method `user_registration_path' for an instance of ActionDispatch::Routing::RoutesProxy)

Information for: ActionView::Template::Error (undefined method `user_registration_path' for an instance of ActionDispatch::Routing::RoutesProxy):
    1: <h2>Sign up</h2>
    2: 
    3: <%= form_for(resource, as: resource_name, url: registration_path(resource_name)) do |f| %>
    4:   <%= render "devise/shared/error_messages", resource: resource %>
    5: 
    6:   <div class="field">
  
app/views/devise/registrations/new.html.erb:3

Information for cause: NoMethodError (undefined method `user_registration_path' for an instance of ActionDispatch::Routing::RoutesProxy):
  
app/views/devise/registrations/new.html.erb:3
